Loading...
Precomputing indicators...
Evolver-v2 GENETIC start: pop=24 workers=5
Loading...
Loading...
Loading...
Loading...
Loading...
Precomputing indicators...
Precomputing indicators...
Precomputing indicators...
Precomputing indicators...
Precomputing indicators...
[gen 1] CHAMPION #1 Calmar=5.73 CAGR=136.3% DD=23.8% test=28.6% sleeves[41E] -> pushed
[gen 6] CHAMPION #2 Calmar=5.76 CAGR=134.7% DD=23.4% test=28.3% sleeves[41E] -> pushed
[gen 7] CHAMPION #3 Calmar=5.85 CAGR=135.7% DD=23.2% test=28.5% sleeves[41E] -> pushed
[gen 13] CHAMPION #4 Calmar=5.88 CAGR=136.4% DD=23.2% test=28.5% sleeves[41E] -> pushed
[gen 21] CHAMPION #5 Calmar=5.91 CAGR=137.0% DD=23.2% test=28.5% sleeves[41E] -> pushed
[gen 28] CHAMPION #6 Calmar=5.93 CAGR=137.4% DD=23.2% test=28.5% sleeves[41E] -> pushed
[gen 29] CHAMPION #7 Calmar=5.97 CAGR=137.2% DD=23.0% test=29.2% sleeves[41E] -> pushed
[gen 790] CHAMPION #8 Calmar=6.43 CAGR=132.3% DD=20.6% test=34.4% sleeves[41E] -> pushed
[gen 794] CHAMPION #9 Calmar=6.45 CAGR=132.7% DD=20.6% test=34.5% sleeves[41E] -> pushed
[gen 808] CHAMPION #10 Calmar=7.05 CAGR=126.4% DD=17.9% test=33.9% sleeves[41E] -> pushed
[gen 816] CHAMPION #11 Calmar=7.09 CAGR=127.3% DD=18.0% test=34.6% sleeves[41E] -> pushed
STOP - exit gen 1105, 11 champions
Evolver-v2 done gen=1105 champions=11
Loading...
Precomputing indicators...
Evolver-v2 GENETIC start: pop=24 workers=5
Loading...
Loading...
Loading...
Loading...
Loading...
Precomputing indicators...
Precomputing indicators...
Precomputing indicators...
Precomputing indicators...
Precomputing indicators...
[gen 388] CHAMPION #1 Calmar=7.13 CAGR=145.0% DD=20.3% test=37.8% sleeves[41E] -> pushed
[gen 924] CHAMPION #2 Calmar=7.16 CAGR=146.1% DD=20.4% test=39.4% sleeves[41E] -> pushed
STOP - exit gen 33636, 2 champions
Evolver-v2 done gen=33636 champions=2
Evolver-v3 (walk-forward+per-sleeve-risk+corr-aware) start: pop=24 workers=5
Loading...
Precomputing indicators...
Loading...
Loading...
Loading...
Loading...
Loading...
Precomputing indicators...
Precomputing indicators...
Precomputing indicators...
Precomputing indicators...
Precomputing indicators...
Evolver-v3 (walk-forward+per-sleeve-risk+corr-aware) start: pop=24 workers=5
Loading...
Precomputing indicators...
Loading...
Loading...
Loading...
Loading...
Loading...
Precomputing indicators...
Precomputing indicators...
Precomputing indicators...
Precomputing indicators...
Precomputing indicators...
