[11:18:38] Loading data...
[11:18:40] TFs: 15m=259660 1h=64923 4h=16241 1d=2708
[11:18:40] Precomputing indicators per TF...
[11:18:40] Done.
[11:18:40] ============================================================
[11:18:40]   INDICATOR EVOLVER — tìm edge TĂNG 2023-2026
[11:18:40]   Stop: /Users/lap16116/BTC_PC/btc-dashboard/tools/indicator-evolver-STOP
[11:18:40] ============================================================
[11:18:41] ★ Gen     1 NEW CHAMPION score=5.6 | atr_expand/1h/BOTH | CAGR=-0.0% slope=-0.21 late=-0.0% pos=5/8 n=199
[11:18:41]   yr: 2019:+2% 2020:+2% 2021:-5% 2022:+1% 2023:+1% 2024:+1% 2025:-2% 2026:-1%
[11:18:41] ★ Gen     6 NEW CHAMPION score=16.3 | atr_expand/1h/BOTH | CAGR=0.4% slope=-0.00 late=+0.7% pos=7/8 n=191
[11:18:41]   yr: 2019:+2% 2020:+0% 2021:-4% 2022:+1% 2023:+2% 2024:+0% 2025:+0% 2026:+1%
[11:18:41] ★ Gen    12 NEW CHAMPION score=18.1 | atr_expand/1h/BOTH | CAGR=0.4% slope=+0.15 late=+1.0% pos=6/8 n=188
[11:18:41]   yr: 2019:+1% 2020:-0% 2021:-3% 2022:+1% 2023:+2% 2024:+1% 2025:+1% 2026:+0%
[11:18:43] ★ Gen    26 NEW CHAMPION score=18.2 | atr_expand/1h/BOTH | CAGR=0.5% slope=+0.15 late=+1.0% pos=6/8 n=186
[11:18:43]   yr: 2019:+1% 2020:-0% 2021:-3% 2022:+1% 2023:+2% 2024:+1% 2025:+1% 2026:+0%
[11:18:43] ★ Gen    27 NEW CHAMPION score=19.5 | atr_expand/1h/BOTH | CAGR=0.7% slope=+0.07 late=+1.3% pos=7/8 n=188
[11:18:43]   yr: 2019:+2% 2020:+0% 2021:-3% 2022:+1% 2023:+3% 2024:+1% 2025:+1% 2026:+0%
[11:18:45] ★ Gen    42 NEW CHAMPION score=19.5 | atr_expand/1h/BOTH | CAGR=0.7% slope=+0.07 late=+1.3% pos=7/8 n=188
[11:18:45]   yr: 2019:+2% 2020:+0% 2021:-3% 2022:+1% 2023:+3% 2024:+1% 2025:+1% 2026:+0%
[11:18:48] ★ Gen    67 NEW CHAMPION score=22.0 | atr_expand/15m/BOTH | CAGR=1.3% slope=+0.27 late=+2.1% pos=5/8 n=570
[11:18:48]   yr: 2019:-0% 2020:+1% 2021:+0% 2022:+0% 2023:+2% 2024:+5% 2025:+2% 2026:+0%
[11:18:52] ★ Gen    80 NEW CHAMPION score=25.7 | atr_expand/15m/BOTH | CAGR=1.5% slope=+0.44 late=+2.8% pos=4/8 n=588
[11:18:52]   yr: 2019:-0% 2020:+0% 2021:-1% 2022:+0% 2023:+4% 2024:+4% 2025:+3% 2026:+0%
[11:19:07] ★ Gen   122 NEW CHAMPION score=28.5 | atr_expand/15m/BOTH | CAGR=1.6% slope=+0.47 late=+2.9% pos=5/8 n=590
[11:19:07]   yr: 2019:-1% 2020:+0% 2021:+0% 2022:+0% 2023:+4% 2024:+5% 2025:+3% 2026:+0%
[11:19:34]   Gen   200 | best=28.5 | last: macd/15m score=4.0
[11:20:29] ★ Gen   359 NEW CHAMPION score=28.8 | atr_expand/15m/BOTH | CAGR=1.4% slope=+0.51 late=+2.7% pos=5/8 n=584
[11:20:29]   yr: 2019:-2% 2020:+1% 2021:+1% 2022:+0% 2023:+3% 2024:+5% 2025:+3% 2026:+0%
[11:20:44]   Gen   400 | best=28.8 | last: atr_expand/15m score=26.6
[11:21:13] ★ Gen   479 NEW CHAMPION score=29.0 | atr_expand/15m/BOTH | CAGR=1.4% slope=+0.50 late=+2.8% pos=5/8 n=581
[11:21:13]   yr: 2019:-1% 2020:+0% 2021:+0% 2022:+0% 2023:+4% 2024:+4% 2025:+4% 2026:+0%
[11:21:42] ★ Gen   560 NEW CHAMPION score=29.2 | atr_expand/15m/BOTH | CAGR=1.4% slope=+0.51 late=+2.8% pos=5/8 n=584
[11:21:43]   yr: 2019:-2% 2020:+0% 2021:+0% 2022:+0% 2023:+4% 2024:+4% 2025:+3% 2026:+0%
[11:21:56]   Gen   600 | best=29.2 | last: atr_expand/15m score=17.2
[11:23:12]   Gen   800 | best=29.2 | last: atr_expand/15m score=29.2
[11:24:23]   Gen  1000 | best=29.2 | last: atr_expand/15m score=29.2
[11:25:37]   Gen  1200 | best=29.2 | last: atr_expand/15m score=8.6
[11:26:53]   Gen  1400 | best=29.2 | last: atr_expand/15m score=16.5
[11:28:08]   Gen  1600 | best=29.2 | last: macd/1h score=-0.3
[11:29:25]   Gen  1800 | best=29.2 | last: atr_expand/15m score=20.3
[11:30:35]   Gen  2000 | best=29.2 | last: atr_expand/15m score=29.2
[11:31:47]   Gen  2200 | best=29.2 | last: atr_expand/15m score=29.2
[11:32:20] STOP. Exiting.
tr_expand/15m score=29.2
[11:31:47]   Gen  2200 | best=29.2 | last: atr_expand/15m score=29.2
[11:32:20] STOP. Exiting.
